// Jest Snapshot v1, https://goo.gl/fbAQLP

exports[`character throws error if no id 1`] = `"Cannot read property 'tactics' of undefined"`;
